Archive member included to satisfy reference by file (symbol)

/home/oem/st/stm32cubeide_1.15.0_2/plugins/com.st.stm32cube.ide.mcu.externaltools.gnu-tools-for-stm32.12.3.rel1.linux64_1.0.100.202403111256/tools/bin/../lib/gcc/arm-none-eabi/12.3.1/../../../../arm-none-eabi/lib/thumb/v7e-m+fp/hard/libc_nano.a(libc_a-exit.o)
                              /home/oem/st/stm32cubeide_1.15.0_2/plugins/com.st.stm32cube.ide.mcu.externaltools.gnu-tools-for-stm32.12.3.rel1.linux64_1.0.100.202403111256/tools/bin/../lib/gcc/arm-none-eabi/12.3.1/../../../../arm-none-eabi/lib/thumb/v7e-m+fp/hard/crt0.o (exit)
/home/oem/st/stm32cubeide_1.15.0_2/plugins/com.st.stm32cube.ide.mcu.externaltools.gnu-tools-for-stm32.12.3.rel1.linux64_1.0.100.202403111256/tools/bin/../lib/gcc/arm-none-eabi/12.3.1/../../../../arm-none-eabi/lib/thumb/v7e-m+fp/hard/libc_nano.a(libc_a-findfp.o)
                              /home/oem/st/stm32cubeide_1.15.0_2/plugins/com.st.stm32cube.ide.mcu.externaltools.gnu-tools-for-stm32.12.3.rel1.linux64_1.0.100.202403111256/tools/bin/../lib/gcc/arm-none-eabi/12.3.1/../../../../arm-none-eabi/lib/thumb/v7e-m+fp/hard/libc_nano.a(libc_a-exit.o) (__stdio_exit_handler)
/home/oem/st/stm32cubeide_1.15.0_2/plugins/com.st.stm32cube.ide.mcu.externaltools.gnu-tools-for-stm32.12.3.rel1.linux64_1.0.100.202403111256/tools/bin/../lib/gcc/arm-none-eabi/12.3.1/../../../../arm-none-eabi/lib/thumb/v7e-m+fp/hard/libc_nano.a(libc_a-fwalk.o)
                              /home/oem/st/stm32cubeide_1.15.0_2/plugins/com.st.stm32cube.ide.mcu.externaltools.gnu-tools-for-stm32.12.3.rel1.linux64_1.0.100.202403111256/tools/bin/../lib/gcc/arm-none-eabi/12.3.1/../../../../arm-none-eabi/lib/thumb/v7e-m+fp/hard/libc_nano.a(libc_a-findfp.o) (_fwalk_sglue)
/home/oem/st/stm32cubeide_1.15.0_2/plugins/com.st.stm32cube.ide.mcu.externaltools.gnu-tools-for-stm32.12.3.rel1.linux64_1.0.100.202403111256/tools/bin/../lib/gcc/arm-none-eabi/12.3.1/../../../../arm-none-eabi/lib/thumb/v7e-m+fp/hard/libc_nano.a(libc_a-sprintf.o)
                              ./Core/drivers/API/src/API_debounce.o (sprintf)
/home/oem/st/stm32cubeide_1.15.0_2/plugins/com.st.stm32cube.ide.mcu.externaltools.gnu-tools-for-stm32.12.3.rel1.linux64_1.0.100.202403111256/tools/bin/../lib/gcc/arm-none-eabi/12.3.1/../../../../arm-none-eabi/lib/thumb/v7e-m+fp/hard/libc_nano.a(libc_a-stdio.o)
                              /home/oem/st/stm32cubeide_1.15.0_2/plugins/com.st.stm32cube.ide.mcu.externaltools.gnu-tools-for-stm32.12.3.rel1.linux64_1.0.100.202403111256/tools/bin/../lib/gcc/arm-none-eabi/12.3.1/../../../../arm-none-eabi/lib/thumb/v7e-m+fp/hard/libc_nano.a(libc_a-findfp.o) (__sread)
/home/oem/st/stm32cubeide_1.15.0_2/plugins/com.st.stm32cube.ide.mcu.externaltools.gnu-tools-for-stm32.12.3.rel1.linux64_1.0.100.202403111256/tools/bin/../lib/gcc/arm-none-eabi/12.3.1/../../../../arm-none-eabi/lib/thumb/v7e-m+fp/hard/libc_nano.a(libc_a-memset.o)
                              /home/oem/st/stm32cubeide_1.15.0_2/plugins/com.st.stm32cube.ide.mcu.externaltools.gnu-tools-for-stm32.12.3.rel1.linux64_1.0.100.202403111256/tools/bin/../lib/gcc/arm-none-eabi/12.3.1/../../../../arm-none-eabi/lib/thumb/v7e-m+fp/hard/crt0.o (memset)
/home/oem/st/stm32cubeide_1.15.0_2/plugins/com.st.stm32cube.ide.mcu.externaltools.gnu-tools-for-stm32.12.3.rel1.linux64_1.0.100.202403111256/tools/bin/../lib/gcc/arm-none-eabi/12.3.1/../../../../arm-none-eabi/lib/thumb/v7e-m+fp/hard/libc_nano.a(libc_a-closer.o)
                              /home/oem/st/stm32cubeide_1.15.0_2/plugins/com.st.stm32cube.ide.mcu.externaltools.gnu-tools-for-stm32.12.3.rel1.linux64_1.0.100.202403111256/tools/bin/../lib/gcc/arm-none-eabi/12.3.1/../../../../arm-none-eabi/lib/thumb/v7e-m+fp/hard/libc_nano.a(libc_a-stdio.o) (_close_r)
/home/oem/st/stm32cubeide_1.15.0_2/plugins/com.st.stm32cube.ide.mcu.externaltools.gnu-tools-for-stm32.12.3.rel1.linux64_1.0.100.202403111256/tools/bin/../lib/gcc/arm-none-eabi/12.3.1/../../../../arm-none-eabi/lib/thumb/v7e-m+fp/hard/libc_nano.a(libc_a-reent.o)
                              /home/oem/st/stm32cubeide_1.15.0_2/plugins/com.st.stm32cube.ide.mcu.externaltools.gnu-tools-for-stm32.12.3.rel1.linux64_1.0.100.202403111256/tools/bin/../lib/gcc/arm-none-eabi/12.3.1/../../../../arm-none-eabi/lib/thumb/v7e-m+fp/hard/libc_nano.a(libc_a-closer.o) (errno)
/home/oem/st/stm32cubeide_1.15.0_2/plugins/com.st.stm32cube.ide.mcu.externaltools.gnu-tools-for-stm32.12.3.rel1.linux64_1.0.100.202403111256/tools/bin/../lib/gcc/arm-none-eabi/12.3.1/../../../../arm-none-eabi/lib/thumb/v7e-m+fp/hard/libc_nano.a(libc_a-impure.o)
                              /home/oem/st/stm32cubeide_1.15.0_2/plugins/com.st.stm32cube.ide.mcu.externaltools.gnu-tools-for-stm32.12.3.rel1.linux64_1.0.100.202403111256/tools/bin/../lib/gcc/arm-none-eabi/12.3.1/../../../../arm-none-eabi/lib/thumb/v7e-m+fp/hard/libc_nano.a(libc_a-sprintf.o) (_impure_ptr)
[...]
Memory Configuration

Name             Origin             Length             Attributes
CCMRAM           0x10000000         0x00010000         xrw
RAM              0x20000000         0x00030000         xrw
FLASH            0x08000000         0x00200000         xr
*default*        0x00000000         0xffffffff

Linker script and memory map

LOAD /home/oem/st/stm32cubeide_1.15.0_2/plugins/com.st.stm32cube.ide.mcu.externaltools.gnu-tools-for-stm32.12.3.rel1.linux64_1.0.100.202403111256/tools/bin/../lib/gcc/arm-none-eabi/12.3.1/thumb/v7e-m+fp/hard/crti.o
LOAD /home/oem/st/stm32cubeide_1.15.0_2/plugins/com.st.stm32cube.ide.mcu.externaltools.gnu-tools-for-stm32.12.3.rel1.linux64_1.0.100.202403111256/tools/bin/../lib/gcc/arm-none-eabi/12.3.1/thumb/v7e-m+fp/hard/crtbegin.o
LOAD /home/oem/st/stm32cubeide_1.15.0_2/plugins/com.st.stm32cube.ide.mcu.externaltools.gnu-tools-for-stm32.12.3.rel1.linux64_1.0.100.202403111256/tools/bin/../lib/gcc/arm-none-eabi/12.3.1/../../../../arm-none-eabi/lib/thumb/v7e-m+fp/hard/crt0.o
LOAD ./Core/Src/main.o
LOAD ./Core/Src/stm32f4xx_hal_msp.o
LOAD ./Core/Src/stm32f4xx_it.o
LOAD ./Core/Src/syscalls.o
LOAD ./Core/Src/sysmem.o
LOAD ./Core/Src/system_stm32f4xx.o
LOAD ./Core/Startup/startup_stm32f429zitx.o
LOAD ./Core/drivers/API/src/API_debounce.o
LOAD ./Core/drivers/API/src/API_delay.o
LOAD ./Core/drivers/API/src/API_uart.o
LOAD ./Core/drivers/LCD/src/LCD.o
LOAD ./Core/drivers/LCD/src/LCD_PCF8574_hw.o
LOAD ./Drivers/BSP/STM32F4xx_Nucleo_144/stm32f4xx_nucleo_144.o
LOAD ./Drivers/STM32F4xx_HAL_Driver/Src/stm32f4xx_hal.o
LOAD ./Drivers/STM32F4xx_HAL_Driver/Src/stm32f4xx_hal_cortex.o
LOAD ./Drivers/STM32F4xx_HAL_Driver/Src/stm32f4xx_hal_dma.o
LOAD ./Drivers/STM32F4xx_HAL_Driver/Src/stm32f4xx_hal_dma_ex.o
LOAD ./Drivers/STM32F4xx_HAL_Driver/Src/stm32f4xx_hal_eth.o
LOAD ./Drivers/STM32F4xx_HAL_Driver/Src/stm32f4xx_hal_exti.o
LOAD ./Drivers/STM32F4xx_HAL_Driver/Src/stm32f4xx_hal_flash.o
LOAD ./Drivers/STM32F4xx_HAL_Driver/Src/stm32f4xx_hal_flash_ex.o
LOAD ./Drivers/STM32F4xx_HAL_Driver/Src/stm32f4xx_hal_flash_ramfunc.o
LOAD ./Drivers/STM32F4xx_HAL_Driver/Src/stm32f4xx_hal_gpio.o
LOAD ./Drivers/STM32F4xx_HAL_Driver/Src/stm32f4xx_hal_i2c.o
LOAD ./Drivers/STM32F4xx_HAL_Driver/Src/stm32f4xx_hal_i2c_ex.o
LOAD ./Drivers/STM32F4xx_HAL_Driver/Src/stm32f4xx_hal_pcd.o
LOAD ./Drivers/STM32F4xx_HAL_Driver/Src/stm32f4xx_hal_pcd_ex.o
LOAD ./Drivers/STM32F4xx_HAL_Driver/Src/stm32f4xx_hal_pwr.o
LOAD ./Drivers/STM32F4xx_HAL_Driver/Src/stm32f4xx_hal_pwr_ex.o
LOAD ./Drivers/STM32F4xx_HAL_Driver/Src/stm32f4xx_hal_rcc.o
LOAD ./Drivers/STM32F4xx_HAL_Driver/Src/stm32f4xx_hal_rcc_ex.o
LOAD ./Drivers/STM32F4xx_HAL_Driver/Src/stm32f4xx_hal_tim.o
LOAD ./Drivers/STM32F4xx_HAL_Driver/Src/stm32f4xx_hal_tim_ex.o
LOAD ./Drivers/STM32F4xx_HAL_Driver/Src/stm32f4xx_hal_uart.o
LOAD ./Drivers/STM32F4xx_HAL_Driver/Src/stm32f4xx_ll_usb.o
START GROUP
LOAD /home/oem/st/stm32cubeide_1.15.0_2/plugins/com.st.stm32cube.ide.mcu.externaltools.gnu-tools-for-stm32.12.3.rel1.linux64_1.0.100.202403111256/tools/bin/../lib/gcc/arm-none-eabi/12.3.1/../../../../arm-none-eabi/lib/thumb/v7e-m+fp/hard/libc_nano.a
LOAD /home/oem/st/stm32cubeide_1.15.0_2/plugins/com.st.stm32cube.ide.mcu.externaltools.gnu-tools-for-stm32.12.3.rel1.linux64_1.0.100.202403111256/tools/bin/../lib/gcc/arm-none-eabi/12.3.1/../../../../arm-none-eabi/lib/thumb/v7e-m+fp/hard/libm.a
END GROUP
START GROUP
LOAD /home/oem/st/stm32cubeide_1.15.0_2/plugins/com.st.stm32cube.ide.mcu.externaltools.gnu-tools-for-stm32.12.3.rel1.linux64_1.0.100.202403111256/tools/bin/../lib/gcc/arm-none-eabi/12.3.1/thumb/v7e-m+fp/hard/libgcc.a
LOAD /home/oem/st/stm32cubeide_1.15.0_2/plugins/com.st.stm32cube.ide.mcu.externaltools.gnu-tools-for-stm32.12.3.rel1.linux64_1.0.100.202403111256/tools/bin/../lib/gcc/arm-none-eabi/12.3.1/../../../../arm-none-eabi/lib/thumb/v7e-m+fp/hard/libc_nano.a
END GROUP
START GROUP
LOAD /home/oem/st/stm32cubeide_1.15.0_2/plugins/com.st.stm32cube.ide.mcu.externaltools.gnu-tools-for-stm32.12.3.rel1.linux64_1.0.100.202403111256/tools/bin/../lib/gcc/arm-none-eabi/12.3.1/thumb/v7e-m+fp/hard/libgcc.a
LOAD /home/oem/st/stm32cubeide_1.15.0_2/plugins/com.st.stm32cube.ide.mcu.externaltools.gnu-tools-for-stm32.12.3.rel1.linux64_1.0.100.202403111256/tools/bin/../lib/gcc/arm-none-eabi/12.3.1/../../../../arm-none-eabi/lib/thumb/v7e-m+fp/hard/libc_nano.a
LOAD /home/oem/st/stm32cubeide_1.15.0_2/plugins/com.st.stm32cube.ide.mcu.externaltools.gnu-tools-for-stm32.12.3.rel1.linux64_1.0.100.202403111256/tools/bin/../lib/gcc/arm-none-eabi/12.3.1/../../../../arm-none-eabi/lib/thumb/v7e-m+fp/hard/libnosys.a
END GROUP
START GROUP
LOAD /home/oem/st/stm32cubeide_1.15.0_2/plugins/com.st.stm32cube.ide.mcu.externaltools.gnu-tools-for-stm32.12.3.rel1.linux64_1.0.100.202403111256/tools/bin/../lib/gcc/arm-none-eabi/12.3.1/thumb/v7e-m+fp/hard/libgcc.a
LOAD /home/oem/st/stm32cubeide_1.15.0_2/plugins/com.st.stm32cube.ide.mcu.externaltools.gnu-tools-for-stm32.12.3.rel1.linux64_1.0.100.202403111256/tools/bin/../lib/gcc/arm-none-eabi/12.3.1/../../../../arm-none-eabi/lib/thumb/v7e-m+fp/hard/libc_nano.a
LOAD /home/oem/st/stm32cubeide_1.15.0_2/plugins/com.st.stm32cube.ide.mcu.externaltools.gnu-tools-for-stm32.12.3.rel1.linux64_1.0.100.202403111256/tools/bin/../lib/gcc/arm-none-eabi/12.3.1/../../../../arm-none-eabi/lib/thumb/v7e-m+fp/hard/libnosys.a
END GROUP
LOAD /home/oem/st/stm32cubeide_1.15.0_2/plugins/com.st.stm32cube.ide.mcu.externaltools.gnu-tools-for-stm32.12.3.rel1.linux64_1.0.100.202403111256/tools/bin/../lib/gcc/arm-none-eabi/12.3.1/thumb/v7e-m+fp/hard/crtend.o
LOAD /home/oem/st/stm32cubeide_1.15.0_2/plugins/com.st.stm32cube.ide.mcu.externaltools.gnu-tools-for-stm32.12.3.rel1.linux64_1.0.100.202403111256/tools/bin/../lib/gcc/arm-none-eabi/12.3.1/thumb/v7e-m+fp/hard/crtn.o
                0x20030000                        _estack = (ORIGIN (RAM) + LENGTH (RAM))
                0x00000200                        _Min_Heap_Size = 0x200
                0x00000400                        _Min_Stack_Size = 0x400

.isr_vector     0x08000000      0x1ac
                0x08000000                        . = ALIGN (0x4)
 *(.isr_vector)
 .isr_vector    0x08000000      0x1ac ./Core/Startup/startup_stm32f429zitx.o
                0x08000000                g_pfnVectors
                0x080001ac                        . = ALIGN (0x4)

.text           0x080001ac     0x3e9c
                0x080001ac                        . = ALIGN (0x4)
 *(.text)
 .text          0x080001ac       0x40 /home/oem/st/stm32cubeide_1.15.0_2/plugins/com.st.stm32cube.ide.mcu.externaltools.gnu-tools-for-stm32.12.3.rel1.linux64_1.0.100.202403111256/tools/bin/../lib/gcc/arm-none-eabi/12.3.1/thumb/v7e-m+fp/hard/crtbegin.o
 .text          0x080001ec       0x30 /home/oem/st/stm32cubeide_1.15.0_2/plugins/com.st.stm32cube.ide.mcu.externaltools.gnu-tools-for-stm32.12.3.rel1.linux64_1.0.100.202403111256/tools/bin/../lib/gcc/arm-none-eabi/12.3.1/thumb/v7e-m+fp/hard/libgcc.a(_aeabi_uldivmod.o)
                0x080001ec                __aeabi_uldivmod
 .text          0x0800021c      0x2bc /home/oem/st/stm32cubeide_1.15.0_2/plugins/com.st.stm32cube.ide.mcu.externaltools.gnu-tools-for-stm32.12.3.rel1.linux64_1.0.100.202403111256/tools/bin/../lib/gcc/arm-none-eabi/12.3.1/thumb/v7e-m+fp/hard/libgcc.a(_udivmoddi4.o)
                0x0800021c                __udivmoddi4
 .text          0x080004d8        0x4 /home/oem/st/stm32cubeide_1.15.0_2/plugins/com.st.stm32cube.ide.mcu.externaltools.gnu-tools-for-stm32.12.3.rel1.linux64_1.0.100.202403111256/tools/bin/../lib/gcc/arm-none-eabi/12.3.1/thumb/v7e-m+fp/hard/libgcc.a(_dvmd_tls.o)
                0x080004d8                __aeabi_ldiv0
                0x080004d8                __aeabi_idiv0
 *(.text*)
 .text.main     0x080004dc       0x5c ./Core/Src/main.o
                0x080004dc                main
 .text.SystemClock_Config
                0x08000538       0xd8 ./Core/Src/main.o
                0x08000538                SystemClock_Config
 .text.MX_ETH_Init
                0x08000610       0x9c ./Core/Src/main.o
 .text.MX_I2C1_Init
                0x080006ac       0x80 ./Core/Src/main.o
 .text.MX_USART3_UART_Init
                0x0800072c       0x54 ./Core/Src/main.o
 .text.MX_USB_OTG_FS_PCD_Init
                0x08000780       0x5c ./Core/Src/main.o
 .text.MX_GPIO_Init
                0x080007dc      0x15c ./Core/Src/main.o
 .text.Error_Handler
                0x08000938        0xc ./Core/Src/main.o
                0x08000938                Error_Handler
 .text.HAL_MspInit
                0x08000944       0x50 ./Core/Src/stm32f4xx_hal_msp.o
                0x08000944                HAL_MspInit
 .text.HAL_ETH_MspInit
                0x08000994      0x18c ./Core/Src/stm32f4xx_hal_msp.o
                0x08000994                HAL_ETH_MspInit
 .text.HAL_I2C_MspInit
                0x08000b20       0x90 ./Core/Src/stm32f4xx_hal_msp.o
                0x08000b20                HAL_I2C_MspInit
 .text.HAL_UART_MspInit
                0x08000bb0       0x90 ./Core/Src/stm32f4xx_hal_msp.o
                0x08000bb0                HAL_UART_MspInit
 .text.HAL_PCD_MspInit
                0x08000c40       0xb4 ./Core/Src/stm32f4xx_hal_msp.o
                0x08000c40                HAL_PCD_MspInit
 .text.NMI_Handler
                0x08000cf4        0x8 ./Core/Src/stm32f4xx_it.o
                0x08000cf4                NMI_Handler
 .text.HardFault_Handler
                0x08000cfc        0x8 ./Core/Src/stm32f4xx_it.o
                0x08000cfc                HardFault_Handler
 .text.MemManage_Handler
                0x08000d04        0x8 ./Core/Src/stm32f4xx_it.o
                0x08000d04                MemManage_Handler
 .text.BusFault_Handler
                0x08000d0c        0x8 ./Core/Src/stm32f4xx_it.o
                0x08000d0c                BusFault_Handler
 .text.UsageFault_Handler
                0x08000d14        0x8 ./Core/Src/stm32f4xx_it.o
                0x08000d14                UsageFault_Handler
 .text.SVC_Handler
                0x08000d1c        0xe ./Core/Src/stm32f4xx_it.o
                0x08000d1c                SVC_Handler
 .text.DebugMon_Handler
                0x08000d2a        0xe ./Core/Src/stm32f4xx_it.o
                0x08000d2a                DebugMon_Handler
 .text.PendSV_Handler
                0x08000d38        0xe ./Core/Src/stm32f4xx_it.o
                0x08000d38                PendSV_Handler
 .text.SysTick_Handler
                0x08000d46        0xc ./Core/Src/stm32f4xx_it.o
                0x08000d46                SysTick_Handler
 *fill*         0x08000d52        0x2 
 .text.SystemInit
                0x08000d54       0x24 ./Core/Src/system_stm32f4xx.o
                0x08000d54                SystemInit
 .text.Reset_Handler
                0x08000d78       0x50 ./Core/Startup/startup_stm32f429zitx.o
                0x08000d78                Reset_Handler
 .text.Default_Handler
                0x08000dc8        0x2 ./Core/Startup/startup_stm32f429zitx.o
                0x08000dc8                RTC_Alarm_IRQHandler
                0x08000dc8                HASH_RNG_IRQHandler
                0x08000dc8                EXTI2_IRQHandler
                0x08000dc8                TIM8_CC_IRQHandler
                0x08000dc8                UART8_IRQHandler
                0x08000dc8                SPI4_IRQHandler
                0x08000dc8                TIM1_CC_IRQHandler
                0x08000dc8                DMA2_Stream5_IRQHandler
                0x08000dc8                DMA1_Stream5_IRQHandler
                0x08000dc8                PVD_IRQHandler
                0x08000dc8                SDIO_IRQHandler
                0x08000dc8                TAMP_STAMP_IRQHandler
                0x08000dc8                CAN2_RX1_IRQHandler
                0x08000dc8                EXTI3_IRQHandler
                0x08000dc8                TIM8_TRG_COM_TIM14_IRQHandler
                0x08000dc8                TIM1_UP_TIM10_IRQHandler
                0x08000dc8                TIM8_UP_TIM13_IRQHandler
                0x08000dc8                I2C3_ER_IRQHandler
                0x08000dc8                EXTI0_IRQHandler
                0x08000dc8                I2C2_EV_IRQHandler
                0x08000dc8                DMA1_Stream2_IRQHandler
                0x08000dc8                CAN1_RX0_IRQHandler
                0x08000dc8                FPU_IRQHandler
                0x08000dc8                OTG_HS_WKUP_IRQHandler
                0x08000dc8                LTDC_ER_IRQHandler
                0x08000dc8                CAN2_SCE_IRQHandler
                0x08000dc8                DMA2_Stream2_IRQHandler
                0x08000dc8                SPI1_IRQHandler
                0x08000dc8                TIM6_DAC_IRQHandler
                0x08000dc8                TIM1_BRK_TIM9_IRQHandler
                0x08000dc8                DCMI_IRQHandler
                0x08000dc8                CAN2_RX0_IRQHandler
                0x08000dc8                DMA2_Stream3_IRQHandler
                0x08000dc8                USART6_IRQHandler
                0x08000dc8                USART3_IRQHandler
                0x08000dc8                CAN1_RX1_IRQHandler
                0x08000dc8                UART5_IRQHandler
                0x08000dc8                DMA2_Stream0_IRQHandler
                0x08000dc8                TIM4_IRQHandler
                0x08000dc8                I2C1_EV_IRQHandler
                0x08000dc8                DMA1_Stream6_IRQHandler
                0x08000dc8                DMA1_Stream1_IRQHandler
                0x08000dc8                UART4_IRQHandler
                0x08000dc8                TIM3_IRQHandler
                0x08000dc8                RCC_IRQHandler
                0x08000dc8                TIM8_BRK_TIM12_IRQHandler
                0x08000dc8                Default_Handler
                0x08000dc8                EXTI15_10_IRQHandler
                0x08000dc8                ADC_IRQHandler
                0x08000dc8                DMA1_Stream7_IRQHandler
                0x08000dc8                SPI5_IRQHandler
                0x08000dc8                TIM7_IRQHandler
                0x08000dc8                CAN2_TX_IRQHandler
                0x08000dc8                TIM5_IRQHandler
                0x08000dc8                DMA2_Stream7_IRQHandler
                0x08000dc8                I2C3_EV_IRQHandler
                0x08000dc8                EXTI9_5_IRQHandler
                0x08000dc8                RTC_WKUP_IRQHandler
                0x08000dc8                LTDC_IRQHandler
                0x08000dc8                ETH_WKUP_IRQHandler
                0x08000dc8                SPI2_IRQHandler
                0x08000dc8                OTG_HS_EP1_IN_IRQHandler
                0x08000dc8                DMA1_Stream0_IRQHandler
                0x08000dc8                CAN1_TX_IRQHandler
                0x08000dc8                EXTI4_IRQHandler
                0x08000dc8                ETH_IRQHandler
                0x08000dc8                OTG_HS_EP1_OUT_IRQHandler
                0x08000dc8                WWDG_IRQHandler
                0x08000dc8                SPI6_IRQHandler
                0x08000dc8                TIM2_IRQHandler
                0x08000dc8                OTG_FS_WKUP_IRQHandler
                0x08000dc8                TIM1_TRG_COM_TIM11_IRQHandler
                0x08000dc8                OTG_HS_IRQHandler
                0x08000dc8                DMA2D_IRQHandler
                0x08000dc8                EXTI1_IRQHandler
                0x08000dc8                UART7_IRQHandler
                0x08000dc8                USART2_IRQHandler
                0x08000dc8                I2C2_ER_IRQHandler
                0x08000dc8                DMA2_Stream1_IRQHandler
                0x08000dc8                CAN1_SCE_IRQHandler
                0x08000dc8                FLASH_IRQHandler
                0x08000dc8                DMA2_Stream4_IRQHandler
                0x08000dc8                USART1_IRQHandler
                0x08000dc8                OTG_FS_IRQHandler
                0x08000dc8                SPI3_IRQHandler
                0x08000dc8                DMA1_Stream4_IRQHandler
                0x08000dc8                I2C1_ER_IRQHandler
                0x08000dc8                FMC_IRQHandler
                0x08000dc8                DMA2_Stream6_IRQHandler
                0x08000dc8                SAI1_IRQHandler
                0x08000dc8                DMA1_Stream3_IRQHandler
 .text.DelayRead
                0x08000dca       0x5c ./Core/drivers/API/src/API_delay.o
                0x08000dca                DelayRead
 .text.DelayWrite
                0x08000e26       0x22 ./Core/drivers/API/src/API_delay.o
                0x08000e26                DelayWrite
 .text.DelayErrorHandler
                0x08000e48        0xe ./Core/drivers/API/src/API_delay.o
 *fill*         0x08000e56        0x2 
 .text.LCD_print_string
                0x08000e58       0x54 ./Core/drivers/LCD/src/LCD.o
                0x08000e58                LCD_print_string
 .text.LCD_print_char
                0x08000eac       0x30 ./Core/drivers/LCD/src/LCD.o
                0x08000eac                LCD_print_char
 .text.LCD_clear
                0x08000edc       0x24 ./Core/drivers/LCD/src/LCD.o
                0x08000edc                LCD_clear
 .text.LCD_show_cursos_blink
                0x08000f00        0xe ./Core/drivers/LCD/src/LCD.o
                0x08000f00                LCD_show_cursos_blink
 .text.LCD_set_position_xy
                0x08000f0e       0x5c ./Core/drivers/LCD/src/LCD.o
                0x08000f0e                LCD_set_position_xy
 *fill*         0x08000f6a        0x2 
 .text.LCD_shift_cursor
                0x08000f6c       0x80 ./Core/drivers/LCD/src/LCD.o
                0x08000f6c                LCD_shift_cursor
 .text.LCD_init
                0x08000fec       0x70 ./Core/drivers/LCD/src/LCD.o
                0x08000fec                LCD_init
 .text.LCD_delay
                0x0800105c       0x3c ./Core/drivers/LCD/src/LCD.o
 .text.LCD_error_handler
                0x08001098        0xe ./Core/drivers/LCD/src/LCD.o
 .text.LCD_PCF8574_hw_send_command
                0x080010a6       0x1c ./Core/drivers/LCD/src/LCD_PCF8574_hw.o
                0x080010a6                LCD_PCF8574_hw_send_command
 .text.LCD_PCF8574_hw_lcd_send_data
                0x080010c2       0x1c ./Core/drivers/LCD/src/LCD_PCF8574_hw.o
                0x080010c2                LCD_PCF8574_hw_lcd_send_data
 .text.LCD_PCF8574_hw_send_byte
                0x080010de       0x4c ./Core/drivers/LCD/src/LCD_PCF8574_hw.o
 .text.LCD_PCF8574_hw_send_nibble
                0x0800112a       0x3a ./Core/drivers/LCD/src/LCD_PCF8574_hw.o
                0x0800112a                LCD_PCF8574_hw_send_nibble
 .text.LCD_PCF8574_hw_delay
                0x08001164       0x3c ./Core/drivers/LCD/src/LCD_PCF8574_hw.o
 .text.LCD_PCF8574_hw_I2C_transmit
                0x080011a0       0x28 ./Core/drivers/LCD/src/LCD_PCF8574_hw.o
 .text.BSP_LED_On
                0x080011c8       0x34 ./Drivers/BSP/STM32F4xx_Nucleo_144/stm32f4xx_nucleo_144.o
                0x080011c8                BSP_LED_On
 .text.HAL_Init
                0x080011fc       0x44 ./Drivers/STM32F4xx_HAL_Driver/Src/stm32f4xx_hal.o
                0x080011fc                HAL_Init
 .text.HAL_InitTick
                0x08001240       0x60 ./Drivers/STM32F4xx_HAL_Driver/Src/stm32f4xx_hal.o
                0x08001240                HAL_InitTick
 .text.HAL_IncTick
                0x080012a0       0x28 ./Drivers/STM32F4xx_HAL_Driver/Src/stm32f4xx_hal.o
                0x080012a0                HAL_IncTick
 .text.HAL_GetTick
                0x080012c8       0x18 ./Drivers/STM32F4xx_HAL_Driver/Src/stm32f4xx_hal.o
                0x080012c8                HAL_GetTick
 .text.HAL_Delay
                0x080012e0       0x48 ./Drivers/STM32F4xx_HAL_Driver/Src/stm32f4xx_hal.o
                0x080012e0                HAL_Delay
 .text.__NVIC_SetPriorityGrouping
                0x08001328       0x48 ./Drivers/STM32F4xx_HAL_Driver/Src/stm32f4xx_hal_cortex.o
 .text.__NVIC_GetPriorityGrouping
                0x08001370       0x1c ./Drivers/STM32F4xx_HAL_Driver/Src/stm32f4xx_hal_cortex.o
 .text.__NVIC_SetPriority
                0x0800138c       0x54 ./Drivers/STM32F4xx_HAL_Driver/Src/stm32f4xx_hal_cortex.o
 .text.NVIC_EncodePriority
                0x080013e0       0x66 ./Drivers/STM32F4xx_HAL_Driver/Src/stm32f4xx_hal_cortex.o
 *fill*         0x08001446        0x2 
 .text.SysTick_Config
                0x08001448       0x44 ./Drivers/STM32F4xx_HAL_Driver/Src/stm32f4xx_hal_cortex.o
 .text.HAL_NVIC_SetPriorityGrouping
                0x0800148c       0x16 ./Drivers/STM32F4xx_HAL_Driver/Src/stm32f4xx_hal_cortex.o
                0x0800148c                HAL_NVIC_SetPriorityGrouping
 .text.HAL_NVIC_SetPriority
                0x080014a2       0x38 ./Drivers/STM32F4xx_HAL_Driver/Src/stm32f4xx_hal_cortex.o
                0x080014a2                HAL_NVIC_SetPriority
 .text.HAL_SYSTICK_Config
                0x080014da       0x18 ./Drivers/STM32F4xx_HAL_Driver/Src/stm32f4xx_hal_cortex.o
                0x080014da                HAL_SYSTICK_Config
 *fill*         0x080014f2        0x2 
 .text.HAL_ETH_Init
                0x080014f4       0xfc ./Drivers/STM32F4xx_HAL_Driver/Src/stm32f4xx_hal_eth.o
                0x080014f4                HAL_ETH_Init
 .text.ETH_SetMACConfig
                0x080015f0      0x160 ./Drivers/STM32F4xx_HAL_Driver/Src/stm32f4xx_hal_eth.o
 .text.ETH_SetDMAConfig
                0x08001750      0x114 ./Drivers/STM32F4xx_HAL_Driver/Src/stm32f4xx_hal_eth.o
 .text.ETH_MACDMAConfig
                0x08001864       0xe4 ./Drivers/STM32F4xx_HAL_Driver/Src/stm32f4xx_hal_eth.o
 .text.ETH_MACAddressConfig
                0x08001948       0x70 ./Drivers/STM32F4xx_HAL_Driver/Src/stm32f4xx_hal_eth.o
 .text.ETH_DMATxDescListInit
                0x080019b8       0xb2 ./Drivers/STM32F4xx_HAL_Driver/Src/stm32f4xx_hal_eth.o
 .text.ETH_DMARxDescListInit
                0x08001a6a       0xda ./Drivers/STM32F4xx_HAL_Driver/Src/stm32f4xx_hal_eth.o
 .text.HAL_GPIO_Init
                0x08001b44      0x358 ./Drivers/STM32F4xx_HAL_Driver/Src/stm32f4xx_hal_gpio.o
                0x08001b44                HAL_GPIO_Init
 .text.HAL_GPIO_WritePin
                0x08001e9c       0x32 ./Drivers/STM32F4xx_HAL_Driver/Src/stm32f4xx_hal_gpio.o
                0x08001e9c                HAL_GPIO_WritePin
 *fill*         0x08001ece        0x2 
 .text.HAL_I2C_Init
                0x08001ed0      0x288 ./Drivers/STM32F4xx_HAL_Driver/Src/stm32f4xx_hal_i2c.o
                0x08001ed0                HAL_I2C_Init
 .text.HAL_I2C_Master_Transmit
                0x08002158      0x1fc ./Drivers/STM32F4xx_HAL_Driver/Src/stm32f4xx_hal_i2c.o
                0x08002158                HAL_I2C_Master_Transmit
 .text.I2C_MasterRequestWrite
                0x08002354      0x104 ./Drivers/STM32F4xx_HAL_Driver/Src/stm32f4xx_hal_i2c.o
 .text.I2C_WaitOnFlagUntilTimeout
                0x08002458       0xf4 ./Drivers/STM32F4xx_HAL_Driver/Src/stm32f4xx_hal_i2c.o
 .text.I2C_WaitOnMasterAddressFlagUntilTimeout
                0x0800254c      0x140 ./Drivers/STM32F4xx_HAL_Driver/Src/stm32f4xx_hal_i2c.o
 .text.I2C_WaitOnTXEFlagUntilTimeout
                0x0800268c       0x90 ./Drivers/STM32F4xx_HAL_Driver/Src/stm32f4xx_hal_i2c.o
 .text.I2C_WaitOnBTFFlagUntilTimeout
                0x0800271c       0x90 ./Drivers/STM32F4xx_HAL_Driver/Src/stm32f4xx_hal_i2c.o
 .text.I2C_IsAcknowledgeFailed
                0x080027ac       0x5e ./Drivers/STM32F4xx_HAL_Driver/Src/stm32f4xx_hal_i2c.o
 .text.HAL_I2CEx_ConfigAnalogFilter
                0x0800280a       0x78 ./Drivers/STM32F4xx_HAL_Driver/Src/stm32f4xx_hal_i2c_ex.o
                0x0800280a                HAL_I2CEx_ConfigAnalogFilter
 .text.HAL_I2CEx_ConfigDigitalFilter
                0x08002882       0x7e ./Drivers/STM32F4xx_HAL_Driver/Src/stm32f4xx_hal_i2c_ex.o
                0x08002882                HAL_I2CEx_ConfigDigitalFilter
 .text.HAL_PCD_Init
                0x08002900      0x21e ./Drivers/STM32F4xx_HAL_Driver/Src/stm32f4xx_hal_pcd.o
                0x08002900                HAL_PCD_Init
 *fill*         0x08002b1e        0x2 
 .text.HAL_RCC_OscConfig
                0x08002b20      0x4f0 ./Drivers/STM32F4xx_HAL_Driver/Src/stm32f4xx_hal_rcc.o
                0x08002b20                HAL_RCC_OscConfig
 .text.HAL_RCC_ClockConfig
                0x08003010      0x1cc ./Drivers/STM32F4xx_HAL_Driver/Src/stm32f4xx_hal_rcc.o
                0x08003010                HAL_RCC_ClockConfig
 .text.HAL_RCC_GetSysClockFreq
                0x080031dc      0x20c ./Drivers/STM32F4xx_HAL_Driver/Src/stm32f4xx_hal_rcc.o
                0x080031dc                HAL_RCC_GetSysClockFreq
 .text.HAL_RCC_GetHCLKFreq
                0x080033e8       0x18 ./Drivers/STM32F4xx_HAL_Driver/Src/stm32f4xx_hal_rcc.o
                0x080033e8                HAL_RCC_GetHCLKFreq
 .text.HAL_RCC_GetPCLK1Freq
                0x08003400       0x28 ./Drivers/STM32F4xx_HAL_Driver/Src/stm32f4xx_hal_rcc.o
                0x08003400                HAL_RCC_GetPCLK1Freq
 .text.HAL_RCC_GetPCLK2Freq
                0x08003428       0x28 ./Drivers/STM32F4xx_HAL_Driver/Src/stm32f4xx_hal_rcc.o
                0x08003428                HAL_RCC_GetPCLK2Freq
 .text.HAL_UART_Init
                0x08003450       0xa0 ./Drivers/STM32F4xx_HAL_Driver/Src/stm32f4xx_hal_uart.o
                0x08003450                HAL_UART_Init
 .text.UART_SetConfig
                0x080034f0      0x4e8 ./Drivers/STM32F4xx_HAL_Driver/Src/stm32f4xx_hal_uart.o
 .text.USB_CoreInit
                0x080039d8       0xc8 ./Drivers/STM32F4xx_HAL_Driver/Src/stm32f4xx_ll_usb.o
                0x080039d8                USB_CoreInit
 .text.USB_DisableGlobalInt
                0x08003aa0       0x22 ./Drivers/STM32F4xx_HAL_Driver/Src/stm32f4xx_ll_usb.o
                0x08003aa0                USB_DisableGlobalInt
 .text.USB_SetCurrentMode
                0x08003ac2       0x98 ./Drivers/STM32F4xx_HAL_Driver/Src/stm32f4xx_ll_usb.o
                0x08003ac2                USB_SetCurrentMode
 *fill*         0x08003b5a        0x2 
 .text.USB_DevInit
                0x08003b5c      0x2c8 ./Drivers/STM32F4xx_HAL_Driver/Src/stm32f4xx_ll_usb.o
                0x08003b5c                USB_DevInit
 .text.USB_FlushTxFifo
                0x08003e24       0x64 ./Drivers/STM32F4xx_HAL_Driver/Src/stm32f4xx_ll_usb.o
                0x08003e24                USB_FlushTxFifo
 .text.USB_FlushRxFifo
                0x08003e88       0x5c ./Drivers/STM32F4xx_HAL_Driver/Src/stm32f4xx_ll_usb.o
                0x08003e88                USB_FlushRxFifo
 .text.USB_SetDevSpeed
                0x08003ee4       0x32 ./Drivers/STM32F4xx_HAL_Driver/Src/stm32f4xx_ll_usb.o
                0x08003ee4                USB_SetDevSpeed
 .text.USB_DevDisconnect
                0x08003f16       0x42 ./Drivers/STM32F4xx_HAL_Driver/Src/stm32f4xx_ll_usb.o
                0x08003f16                USB_DevDisconnect
 .text.USB_GetMode
                0x08003f58       0x1c ./Drivers/STM32F4xx_HAL_Driver/Src/stm32f4xx_ll_usb.o
                0x08003f58                USB_GetMode
 .text.USB_CoreReset
                0x08003f74       0x62 ./Drivers/STM32F4xx_HAL_Driver/Src/stm32f4xx_ll_usb.o
 .text.memset   0x08003fd6       0x10 /home/oem/st/stm32cubeide_1.15.0_2/plugins/com.st.stm32cube.ide.mcu.externaltools.gnu-tools-for-stm32.12.3.rel1.linux64_1.0.100.202403111256/tools/bin/../lib/gcc/arm-none-eabi/12.3.1/../../../../arm-none-eabi/lib/thumb/v7e-m+fp/hard/libc_nano.a(libc_a-memset.o)
                0x08003fd6                memset
 *fill*         0x08003fe6        0x2 
 .text.__libc_init_array
                0x08003fe8       0x48 /home/oem/st/stm32cubeide_1.15.0_2/plugins/com.st.stm32cube.ide.mcu.externaltools.gnu-tools-for-stm32.12.3.rel1.linux64_1.0.100.202403111256/tools/bin/../lib/gcc/arm-none-eabi/12.3.1/../../../../arm-none-eabi/lib/thumb/v7e-m+fp/hard/libc_nano.a(libc_a-init.o)
                0x08003fe8                __libc_init_array
 *(.glue_7)
 .glue_7        0x08004030        0x0 linker stubs
 *(.glue_7t)
 .glue_7t       0x08004030        0x0 linker stubs
 *(.eh_frame)
 .eh_frame      0x08004030        0x0 /home/oem/st/stm32cubeide_1.15.0_2/plugins/com.st.stm32cube.ide.mcu.externaltools.gnu-tools-for-stm32.12.3.rel1.linux64_1.0.100.202403111256/tools/bin/../lib/gcc/arm-none-eabi/12.3.1/thumb/v7e-m+fp/hard/crtbegin.o
 *(.init)
 .init          0x08004030        0x4 /home/oem/st/stm32cubeide_1.15.0_2/plugins/com.st.stm32cube.ide.mcu.externaltools.gnu-tools-for-stm32.12.3.rel1.linux64_1.0.100.202403111256/tools/bin/../lib/gcc/arm-none-eabi/12.3.1/thumb/v7e-m+fp/hard/crti.o
                0x08004030                _init
 .init          0x08004034        0x8 /home/oem/st/stm32cubeide_1.15.0_2/plugins/com.st.stm32cube.ide.mcu.externaltools.gnu-tools-for-stm32.12.3.rel1.linux64_1.0.100.202403111256/tools/bin/../lib/gcc/arm-none-eabi/12.3.1/thumb/v7e-m+fp/hard/crtn.o
 *(.fini)
 .fini          0x0800403c        0x4 /home/oem/st/stm32cubeide_1.15.0_2/plugins/com.st.stm32cube.ide.mcu.externaltools.gnu-tools-for-stm32.12.3.rel1.linux64_1.0.100.202403111256/tools/bin/../lib/gcc/arm-none-eabi/12.3.1/thumb/v7e-m+fp/hard/crti.o
                0x0800403c                _fini
 .fini          0x08004040        0x8 /home/oem/st/stm32cubeide_1.15.0_2/plugins/com.st.stm32cube.ide.mcu.externaltools.gnu-tools-for-stm32.12.3.rel1.linux64_1.0.100.202403111256/tools/bin/../lib/gcc/arm-none-eabi/12.3.1/thumb/v7e-m+fp/hard/crtn.o
                0x08004048                        . = ALIGN (0x4)
                0x08004048                        _etext = .

.vfp11_veneer   0x08004048        0x0
 .vfp11_veneer  0x08004048        0x0 linker stubs

.v4_bx          0x08004048        0x0
 .v4_bx         0x08004048        0x0 linker stubs

.iplt           0x08004048        0x0
 .iplt          0x08004048        0x0 /home/oem/st/stm32cubeide_1.15.0_2/plugins/com.st.stm32cube.ide.mcu.externaltools.gnu-tools-for-stm32.12.3.rel1.linux64_1.0.100.202403111256/tools/bin/../lib/gcc/arm-none-eabi/12.3.1/thumb/v7e-m+fp/hard/crtbegin.o

.rodata         0x08004048       0x28
                0x08004048                        . = ALIGN (0x4)
 *(.rodata)
 .rodata        0x08004048        0x5 ./Core/Src/main.o
 *(.rodata*)
 *fill*         0x0800404d        0x3 
 .rodata.AHBPrescTable
                0x08004050       0x10 ./Core/Src/system_stm32f4xx.o
                0x08004050                AHBPrescTable
 .rodata.APBPrescTable
                0x08004060        0x8 ./Core/Src/system_stm32f4xx.o
                0x08004060                APBPrescTable
 .rodata.GPIO_PIN
                0x08004068        0x6 ./Drivers/BSP/STM32F4xx_Nucleo_144/stm32f4xx_nucleo_144.o
                0x08004068                GPIO_PIN
                0x08004070                        . = ALIGN (0x4)
 *fill*         0x0800406e        0x2 

.ARM.extab      0x08004070        0x0
                0x08004070                        . = ALIGN (0x4)
 *(.ARM.extab* .gnu.linkonce.armextab.*)
                0x08004070                        . = ALIGN (0x4)

.ARM            0x08004070        0x8
                0x08004070                        . = ALIGN (0x4)
                0x08004070                        __exidx_start = .
 *(.ARM.exidx*)
 .ARM.exidx     0x08004070        0x8 /home/oem/st/stm32cubeide_1.15.0_2/plugins/com.st.stm32cube.ide.mcu.externaltools.gnu-tools-for-stm32.12.3.rel1.linux64_1.0.100.202403111256/tools/bin/../lib/gcc/arm-none-eabi/12.3.1/thumb/v7e-m+fp/hard/libgcc.a(_udivmoddi4.o)
                0x08004078                        __exidx_end = .
                0x08004078                        . = ALIGN (0x4)

.preinit_array  0x08004078        0x0
                0x08004078                        . = ALIGN (0x4)
                0x08004078                        PROVIDE (__preinit_array_start = .)
 *(.preinit_array*)
                0x08004078                        PROVIDE (__preinit_array_end = .)
                0x08004078                        . = ALIGN (0x4)

.init_array     0x08004078        0x4
                0x08004078                        . = ALIGN (0x4)
                0x08004078                        PROVIDE (__init_array_start = .)
 *(SORT_BY_NAME(.init_array.*))
 *(.init_array*)
 .init_array    0x08004078        0x4 /home/oem/st/stm32cubeide_1.15.0_2/plugins/com.st.stm32cube.ide.mcu.externaltools.gnu-tools-for-stm32.12.3.rel1.linux64_1.0.100.202403111256/tools/bin/../lib/gcc/arm-none-eabi/12.3.1/thumb/v7e-m+fp/hard/crtbegin.o
                0x0800407c                        PROVIDE (__init_array_end = .)
                0x0800407c                        . = ALIGN (0x4)

.fini_array     0x0800407c        0x4
                0x0800407c                        . = ALIGN (0x4)
                [!provide]                        PROVIDE (__fini_array_start = .)
 *(SORT_BY_NAME(.fini_array.*))
 *(.fini_array*)
 .fini_array    0x0800407c        0x4 /home/oem/st/stm32cubeide_1.15.0_2/plugins/com.st.stm32cube.ide.mcu.externaltools.gnu-tools-for-stm32.12.3.rel1.linux64_1.0.100.202403111256/tools/bin/../lib/gcc/arm-none-eabi/12.3.1/thumb/v7e-m+fp/hard/crtbegin.o
                [!provide]                        PROVIDE (__fini_array_end = .)
                0x08004080                        . = ALIGN (0x4)
                0x08004080                        _sidata = LOADADDR (.data)

.rel.dyn        0x08004080        0x0
 .rel.iplt      0x08004080        0x0 /home/oem/st/stm32cubeide_1.15.0_2/plugins/com.st.stm32cube.ide.mcu.externaltools.gnu-tools-for-stm32.12.3.rel1.linux64_1.0.100.202403111256/tools/bin/../lib/gcc/arm-none-eabi/12.3.1/thumb/v7e-m+fp/hard/crtbegin.o

.data           0x20000000       0x18 load address 0x08004080
                0x20000000                        . = ALIGN (0x4)
                0x20000000                        _sdata = .
 *(.data)
 *(.data*)
 .data.SystemCoreClock
                0x20000000        0x4 ./Core/Src/system_stm32f4xx.o
                0x20000000                SystemCoreClock
 .data.GPIO_PORT
                0x20000004        0xc ./Drivers/BSP/STM32F4xx_Nucleo_144/stm32f4xx_nucleo_144.o
                0x20000004                GPIO_PORT
 .data.uwTickPrio
                0x20000010        0x4 ./Drivers/STM32F4xx_HAL_Driver/Src/stm32f4xx_hal.o
                0x20000010                uwTickPrio
 .data.uwTickFreq
                0x20000014        0x1 ./Drivers/STM32F4xx_HAL_Driver/Src/stm32f4xx_hal.o
                0x20000014                uwTickFreq
 *(.RamFunc)
 *(.RamFunc*)
                0x20000018                        . = ALIGN (0x4)
 *fill*         0x20000015        0x3 
                0x20000018                        _edata = .
                0x08004098                        _siccmram = LOADADDR (.ccmram)

.igot.plt       0x20000018        0x0 load address 0x08004098
 .igot.plt      0x20000018        0x0 /home/oem/st/stm32cubeide_1.15.0_2/plugins/com.st.stm32cube.ide.mcu.externaltools.gnu-tools-for-stm32.12.3.rel1.linux64_1.0.100.202403111256/tools/bin/../lib/gcc/arm-none-eabi/12.3.1/thumb/v7e-m+fp/hard/crtbegin.o

.ccmram         0x10000000        0x0 load address 0x08004098
                0x10000000                        . = ALIGN (0x4)
                0x10000000                        _sccmram = .
 *(.ccmram)
 *(.ccmram*)
                0x10000000                        . = ALIGN (0x4)
                0x10000000                        _eccmram = .
                0x10000000                        . = ALIGN (0x4)

.bss            0x20000018      0x7e8
                0x20000018                        _sbss = .
                0x20000018                        __bss_start__ = _sbss
 *(.bss)
 .bss           0x20000018       0x1c /home/oem/st/stm32cubeide_1.15.0_2/plugins/com.st.stm32cube.ide.mcu.externaltools.gnu-tools-for-stm32.12.3.rel1.linux64_1.0.100.202403111256/tools/bin/../lib/gcc/arm-none-eabi/12.3.1/thumb/v7e-m+fp/hard/crtbegin.o
 *(.bss*)
 .bss.TxConfig  0x20000034       0x38 ./Core/Src/main.o
                0x20000034                TxConfig
 .bss.DMARxDscrTab
                0x2000006c       0xa0 ./Core/Src/main.o
                0x2000006c                DMARxDscrTab
 .bss.DMATxDscrTab
                0x2000010c       0xa0 ./Core/Src/main.o
                0x2000010c                DMATxDscrTab
 .bss.heth      0x200001ac       0xb0 ./Core/Src/main.o
                0x200001ac                heth
 .bss.hi2c1     0x2000025c       0x54 ./Core/Src/main.o
                0x2000025c                hi2c1
 .bss.huart3    0x200002b0       0x48 ./Core/Src/main.o
                0x200002b0                huart3
 .bss.hpcd_USB_OTG_FS
                0x200002f8      0x4e4 ./Core/Src/main.o
                0x200002f8                hpcd_USB_OTG_FS
 .bss.MACAddr.0
                0x200007dc        0x6 ./Core/Src/main.o
 .bss.LCD_was_initialized
                0x200007e2        0x1 ./Core/drivers/LCD/src/LCD.o
 *fill*         0x200007e3        0x1 
 .bss.delay_struc.0
                0x200007e4        0xc ./Core/drivers/LCD/src/LCD.o
 .bss.delay_struc.0
                0x200007f0        0xc ./Core/drivers/LCD/src/LCD_PCF8574_hw.o
 .bss.uwTick    0x200007fc        0x4 ./Drivers/STM32F4xx_HAL_Driver/Src/stm32f4xx_hal.o
                0x200007fc                uwTick
 *(COMMON)
                0x20000800                        . = ALIGN (0x4)
                0x20000800                        _ebss = .
                0x20000800                        __bss_end__ = _ebss

._user_heap_stack
                0x20000800      0x600
                0x20000800                        . = ALIGN (0x8)
                [!provide]                        PROVIDE (end = .)
                0x20000800                        PROVIDE (_end = .)
                0x20000a00                        . = (. + _Min_Heap_Size)
 *fill*         0x20000800      0x200 
                0x20000e00                        . = (. + _Min_Stack_Size)
 *fill*         0x20000a00      0x400 
                0x20000e00                        . = ALIGN (0x8)

/DISCARD/
 libc.a(*)
 libm.a(*)
 libgcc.a(*)

.ARM.attributes
                0x00000000       0x30
 *(.ARM.attributes)
 .ARM.attributes
                0x00000000       0x22 /home/oem/st/stm32cubeide_1.15.0_2/plugins/com.st.stm32cube.ide.mcu.externaltools.gnu-tools-for-stm32.12.3.rel1.linux64_1.0.100.202403111256/tools/bin/../lib/gcc/arm-none-eabi/12.3.1/thumb/v7e-m+fp/hard/crti.o
 .ARM.attributes
                0x00000022       0x34 /home/oem/st/stm32cubeide_1.15.0_2/plugins/com.st.stm32cube.ide.mcu.externaltools.gnu-tools-for-stm32.12.3.rel1.linux64_1.0.100.202403111256/tools/bin/../lib/gcc/arm-none-eabi/12.3.1/thumb/v7e-m+fp/hard/crtbegin.o
 .ARM.attributes
                0x00000056       0x34 ./Core/Src/main.o
 .ARM.attributes
                0x0000008a       0x34 ./Core/Src/stm32f4xx_hal_msp.o
 .ARM.attributes
                0x000000be       0x34 ./Core/Src/stm32f4xx_it.o
 .ARM.attributes
                0x000000f2       0x34 ./Core/Src/system_stm32f4xx.o
 .ARM.attributes
                0x00000126       0x21 ./Core/Startup/startup_stm32f429zitx.o
 .ARM.attributes
                0x00000147       0x34 ./Core/drivers/API/src/API_delay.o
 .ARM.attributes
                0x0000017b       0x34 ./Core/drivers/LCD/src/LCD.o
 .ARM.attributes
                0x000001af       0x34 ./Core/drivers/LCD/src/LCD_PCF8574_hw.o
 .ARM.attributes
                0x000001e3       0x34 ./Drivers/BSP/STM32F4xx_Nucleo_144/stm32f4xx_nucleo_144.o
 .ARM.attributes
                0x00000217       0x34 ./Drivers/STM32F4xx_HAL_Driver/Src/stm32f4xx_hal.o
 .ARM.attributes
                0x0000024b       0x34 ./Drivers/STM32F4xx_HAL_Driver/Src/stm32f4xx_hal_cortex.o
 .ARM.attributes
                0x0000027f       0x34 ./Drivers/STM32F4xx_HAL_Driver/Src/stm32f4xx_hal_eth.o
 .ARM.attributes
                0x000002b3       0x34 ./Drivers/STM32F4xx_HAL_Driver/Src/stm32f4xx_hal_gpio.o
 .ARM.attributes
                0x000002e7       0x34 ./Drivers/STM32F4xx_HAL_Driver/Src/stm32f4xx_hal_i2c.o
 .ARM.attributes
                0x0000031b       0x34 ./Drivers/STM32F4xx_HAL_Driver/Src/stm32f4xx_hal_i2c_ex.o
 .ARM.attributes
                0x0000034f       0x34 ./Drivers/STM32F4xx_HAL_Driver/Src/stm32f4xx_hal_pcd.o
 .ARM.attributes
                0x00000383       0x34 ./Drivers/STM32F4xx_HAL_Driver/Src/stm32f4xx_hal_rcc.o
 .ARM.attributes
                0x000003b7       0x34 ./Drivers/STM32F4xx_HAL_Driver/Src/stm32f4xx_hal_uart.o
 .ARM.attributes
                0x000003eb       0x34 ./Drivers/STM32F4xx_HAL_Driver/Src/stm32f4xx_ll_usb.o
 .ARM.attributes
                0x0000041f       0x34 /home/oem/st/stm32cubeide_1.15.0_2/plugins/com.st.stm32cube.ide.mcu.externaltools.gnu-tools-for-stm32.12.3.rel1.linux64_1.0.100.202403111256/tools/bin/../lib/gcc/arm-none-eabi/12.3.1/../../../../arm-none-eabi/lib/thumb/v7e-m+fp/hard/libc_nano.a(libc_a-memset.o)
 .ARM.attributes
                0x00000453       0x34 /home/oem/st/stm32cubeide_1.15.0_2/plugins/com.st.stm32cube.ide.mcu.externaltools.gnu-tools-for-stm32.12.3.rel1.linux64_1.0.100.202403111256/tools/bin/../lib/gcc/arm-none-eabi/12.3.1/../../../../arm-none-eabi/lib/thumb/v7e-m+fp/hard/libc_nano.a(libc_a-init.o)
 .ARM.attributes
                0x00000487       0x22 /home/oem/st/stm32cubeide_1.15.0_2/plugins/com.st.stm32cube.ide.mcu.externaltools.gnu-tools-for-stm32.12.3.rel1.linux64_1.0.100.202403111256/tools/bin/../lib/gcc/arm-none-eabi/12.3.1/thumb/v7e-m+fp/hard/libgcc.a(_aeabi_uldivmod.o)
 .ARM.attributes
                0x000004a9       0x34 /home/oem/st/stm32cubeide_1.15.0_2/plugins/com.st.stm32cube.ide.mcu.externaltools.gnu-tools-for-stm32.12.3.rel1.linux64_1.0.100.202403111256/tools/bin/../lib/gcc/arm-none-eabi/12.3.1/thumb/v7e-m+fp/hard/libgcc.a(_udivmoddi4.o)
 .ARM.attributes
                0x000004dd       0x22 /home/oem/st/stm32cubeide_1.15.0_2/plugins/com.st.stm32cube.ide.mcu.externaltools.gnu-tools-for-stm32.12.3.rel1.linux64_1.0.100.202403111256/tools/bin/../lib/gcc/arm-none-eabi/12.3.1/thumb/v7e-m+fp/hard/libgcc.a(_dvmd_tls.o)
 .ARM.attributes
                0x000004ff       0x22 /home/oem/st/stm32cubeide_1.15.0_2/plugins/com.st.stm32cube.ide.mcu.externaltools.gnu-tools-for-stm32.12.3.rel1.linux64_1.0.100.202403111256/tools/bin/../lib/gcc/arm-none-eabi/12.3.1/thumb/v7e-m+fp/hard/crtn.o
OUTPUT(digital_clock.elf elf32-littlearm)
LOAD linker stubs
LOAD /home/oem/st/stm32cubeide_1.15.0_2/plugins/com.st.stm32cube.ide.mcu.externaltools.gnu-tools-for-stm32.12.3.rel1.linux64_1.0.100.202403111256/tools/bin/../lib/gcc/arm-none-eabi/12.3.1/../../../../arm-none-eabi/lib/thumb/v7e-m+fp/hard/libc.a
LOAD /home/oem/st/stm32cubeide_1.15.0_2/plugins/com.st.stm32cube.ide.mcu.externaltools.gnu-tools-for-stm32.12.3.rel1.linux64_1.0.100.202403111256/tools/bin/../lib/gcc/arm-none-eabi/12.3.1/../../../../arm-none-eabi/lib/thumb/v7e-m+fp/hard/libm.a
LOAD /home/oem/st/stm32cubeide_1.15.0_2/plugins/com.st.stm32cube.ide.mcu.externaltools.gnu-tools-for-stm32.12.3.rel1.linux64_1.0.100.202403111256/tools/bin/../lib/gcc/arm-none-eabi/12.3.1/thumb/v7e-m+fp/hard/libgcc.a

.debug_info     0x00000000    0x1271a
 .debug_info    0x00000000     0x1ea9 ./Core/Src/main.o
 .debug_info    0x00001ea9     0x1ac1 ./Core/Src/stm32f4xx_hal_msp.o
 .debug_info    0x0000396a      0x112 ./Core/Src/stm32f4xx_it.o
 .debug_info    0x00003a7c      0x52e ./Core/Src/system_stm32f4xx.o
 .debug_info    0x00003faa       0x30 ./Core/Startup/startup_stm32f429zitx.o
 .debug_info    0x00003fda      0x20c ./Core/drivers/API/src/API_delay.o
 .debug_info    0x000041e6      0x319 ./Core/drivers/LCD/src/LCD.o
 .debug_info    0x000044ff      0x802 ./Core/drivers/LCD/src/LCD_PCF8574_hw.o
 .debug_info    0x00004d01      0x9ad ./Drivers/BSP/STM32F4xx_Nucleo_144/stm32f4xx_nucleo_144.o
 .debug_info    0x000056ae      0x9ba ./Drivers/STM32F4xx_HAL_Driver/Src/stm32f4xx_hal.o
 .debug_info    0x00006068      0xd8d ./Drivers/STM32F4xx_HAL_Driver/Src/stm32f4xx_hal_cortex.o
 .debug_info    0x00006df5     0x209d ./Drivers/STM32F4xx_HAL_Driver/Src/stm32f4xx_hal_eth.o
 .debug_info    0x00008e92      0x6db ./Drivers/STM32F4xx_HAL_Driver/Src/stm32f4xx_hal_gpio.o
 .debug_info    0x0000956d     0x2421 ./Drivers/STM32F4xx_HAL_Driver/Src/stm32f4xx_hal_i2c.o
 .debug_info    0x0000b98e      0x672 ./Drivers/STM32F4xx_HAL_Driver/Src/stm32f4xx_hal_i2c_ex.o
 .debug_info    0x0000c000     0x156f ./Drivers/STM32F4xx_HAL_Driver/Src/stm32f4xx_hal_pcd.o
 .debug_info    0x0000d56f      0x8c9 ./Drivers/STM32F4xx_HAL_Driver/Src/stm32f4xx_hal_rcc.o
 .debug_info    0x0000de38     0x2f4f ./Drivers/STM32F4xx_HAL_Driver/Src/stm32f4xx_hal_uart.o
 .debug_info    0x00010d87     0x1993 ./Drivers/STM32F4xx_HAL_Driver/Src/stm32f4xx_ll_usb.o

.debug_abbrev   0x00000000     0x270f
 .debug_abbrev  0x00000000      0x31d ./Core/Src/main.o
 .debug_abbrev  0x0000031d      0x253 ./Core/Src/stm32f4xx_hal_msp.o
 .debug_abbrev  0x00000570       0x73 ./Core/Src/stm32f4xx_it.o
 .debug_abbrev  0x000005e3      0x11a ./Core/Src/system_stm32f4xx.o
 .debug_abbrev  0x000006fd       0x24 ./Core/Startup/startup_stm32f429zitx.o
 .debug_abbrev  0x00000721      0x12f ./Core/drivers/API/src/API_delay.o
 .debug_abbrev  0x00000850      0x178 ./Core/drivers/LCD/src/LCD.o
 .debug_abbrev  0x000009c8      0x1df ./Core/drivers/LCD/src/LCD_PCF8574_hw.o
 .debug_abbrev  0x00000ba7      0x245 ./Drivers/BSP/STM32F4xx_Nucleo_144/stm32f4xx_nucleo_144.o
 .debug_abbrev  0x00000dec      0x214 ./Drivers/STM32F4xx_HAL_Driver/Src/stm32f4xx_hal.o
 .debug_abbrev  0x00001000      0x328 ./Drivers/STM32F4xx_HAL_Driver/Src/stm32f4xx_hal_cortex.o
 .debug_abbrev  0x00001328      0x2df ./Drivers/STM32F4xx_HAL_Driver/Src/stm32f4xx_hal_eth.o
 .debug_abbrev  0x00001607      0x1d4 ./Drivers/STM32F4xx_HAL_Driver/Src/stm32f4xx_hal_gpio.o
 .debug_abbrev  0x000017db      0x2ad ./Drivers/STM32F4xx_HAL_Driver/Src/stm32f4xx_hal_i2c.o
 .debug_abbrev  0x00001a88      0x157 ./Drivers/STM32F4xx_HAL_Driver/Src/stm32f4xx_hal_i2c_ex.o
 .debug_abbrev  0x00001bdf      0x2b9 ./Drivers/STM32F4xx_HAL_Driver/Src/stm32f4xx_hal_pcd.o
 .debug_abbrev  0x00001e98      0x2b6 ./Drivers/STM32F4xx_HAL_Driver/Src/stm32f4xx_hal_rcc.o
 .debug_abbrev  0x0000214e      0x30e ./Drivers/STM32F4xx_HAL_Driver/Src/stm32f4xx_hal_uart.o
 .debug_abbrev  0x0000245c      0x2b3 ./Drivers/STM32F4xx_HAL_Driver/Src/stm32f4xx_ll_usb.o

.debug_aranges  0x00000000      0xf68
 .debug_aranges
                0x00000000       0x58 ./Core/Src/main.o
 .debug_aranges
                0x00000058       0x60 ./Core/Src/stm32f4xx_hal_msp.o
 .debug_aranges
                0x000000b8       0x60 ./Core/Src/stm32f4xx_it.o
 .debug_aranges
                0x00000118       0x28 ./Core/Src/system_stm32f4xx.o
 .debug_aranges
                0x00000140       0x28 ./Core/Startup/startup_stm32f429zitx.o
 .debug_aranges
                0x00000168       0x40 ./Core/drivers/API/src/API_delay.o
 .debug_aranges
                0x000001a8       0x70 ./Core/drivers/LCD/src/LCD.o
 .debug_aranges
                0x00000218       0x50 ./Core/drivers/LCD/src/LCD_PCF8574_hw.o
 .debug_aranges
                0x00000268       0x60 ./Drivers/BSP/STM32F4xx_Nucleo_144/stm32f4xx_nucleo_144.o
 .debug_aranges
                0x000002c8      0x100 ./Drivers/STM32F4xx_HAL_Driver/Src/stm32f4xx_hal.o
 .debug_aranges
                0x000003c8      0x120 ./Drivers/STM32F4xx_HAL_Driver/Src/stm32f4xx_hal_cortex.o
 .debug_aranges
                0x000004e8      0x1e0 ./Drivers/STM32F4xx_HAL_Driver/Src/stm32f4xx_hal_eth.o
 .debug_aranges
                0x000006c8       0x58 ./Drivers/STM32F4xx_HAL_Driver/Src/stm32f4xx_hal_gpio.o
 .debug_aranges
                0x00000720      0x2a8 ./Drivers/STM32F4xx_HAL_Driver/Src/stm32f4xx_hal_i2c.o
 .debug_aranges
                0x000009c8       0x28 ./Drivers/STM32F4xx_HAL_Driver/Src/stm32f4xx_hal_i2c_ex.o
 .debug_aranges
                0x000009f0      0x148 ./Drivers/STM32F4xx_HAL_Driver/Src/stm32f4xx_hal_pcd.o
 .debug_aranges
                0x00000b38       0x88 ./Drivers/STM32F4xx_HAL_Driver/Src/stm32f4xx_hal_rcc.o
 .debug_aranges
                0x00000bc0      0x208 ./Drivers/STM32F4xx_HAL_Driver/Src/stm32f4xx_hal_uart.o
 .debug_aranges
                0x00000dc8      0x1a0 ./Drivers/STM32F4xx_HAL_Driver/Src/stm32f4xx_ll_usb.o

.debug_rnglists
                0x00000000      0xbf7
 .debug_rnglists
                0x00000000       0x41 ./Core/Src/main.o
 .debug_rnglists
                0x00000041       0x47 ./Core/Src/stm32f4xx_hal_msp.o
 .debug_rnglists
                0x00000088       0x43 ./Core/Src/stm32f4xx_it.o
 .debug_rnglists
                0x000000cb       0x1a ./Core/Src/system_stm32f4xx.o
 .debug_rnglists
                0x000000e5       0x19 ./Core/Startup/startup_stm32f429zitx.o
 .debug_rnglists
                0x000000fe       0x2b ./Core/drivers/API/src/API_delay.o
 .debug_rnglists
                0x00000129       0x50 ./Core/drivers/LCD/src/LCD.o
 .debug_rnglists
                0x00000179       0x37 ./Core/drivers/LCD/src/LCD_PCF8574_hw.o
 .debug_rnglists
                0x000001b0       0x45 ./Drivers/BSP/STM32F4xx_Nucleo_144/stm32f4xx_nucleo_144.o
 .debug_rnglists
                0x000001f5       0xbb ./Drivers/STM32F4xx_HAL_Driver/Src/stm32f4xx_hal.o
 .debug_rnglists
                0x000002b0       0xd4 ./Drivers/STM32F4xx_HAL_Driver/Src/stm32f4xx_hal_cortex.o
 .debug_rnglists
                0x00000384      0x17c ./Drivers/STM32F4xx_HAL_Driver/Src/stm32f4xx_hal_eth.o
 .debug_rnglists
                0x00000500       0x3f ./Drivers/STM32F4xx_HAL_Driver/Src/stm32f4xx_hal_gpio.o
 .debug_rnglists
                0x0000053f      0x23c ./Drivers/STM32F4xx_HAL_Driver/Src/stm32f4xx_hal_i2c.o
 .debug_rnglists
                0x0000077b       0x19 ./Drivers/STM32F4xx_HAL_Driver/Src/stm32f4xx_hal_i2c_ex.o
 .debug_rnglists
                0x00000794       0xfa ./Drivers/STM32F4xx_HAL_Driver/Src/stm32f4xx_hal_pcd.o
 .debug_rnglists
                0x0000088e       0x66 ./Drivers/STM32F4xx_HAL_Driver/Src/stm32f4xx_hal_rcc.o
 .debug_rnglists
                0x000008f4      0x1bc ./Drivers/STM32F4xx_HAL_Driver/Src/stm32f4xx_hal_uart.o
 .debug_rnglists
                0x00000ab0      0x147 ./Drivers/STM32F4xx_HAL_Driver/Src/stm32f4xx_ll_usb.o

.debug_macro    0x00000000    0x250d1
 .debug_macro   0x00000000      0x2e8 ./Core/Src/main.o
 .debug_macro   0x000002e8      0xab4 ./Core/Src/main.o
 .debug_macro   0x00000d9c      0x2a7 ./Core/Src/main.o
 .debug_macro   0x00001043       0x2e ./Core/Src/main.o
 .debug_macro   0x00001071       0x28 ./Core/Src/main.o
 .debug_macro   0x00001099       0x22 ./Core/Src/main.o
 .debug_macro   0x000010bb       0x8e ./Core/Src/main.o
 .debug_macro   0x00001149       0x51 ./Core/Src/main.o
 .debug_macro   0x0000119a      0x103 ./Core/Src/main.o
 .debug_macro   0x0000129d       0x6a ./Core/Src/main.o
 .debug_macro   0x00001307      0x1df ./Core/Src/main.o
 .debug_macro   0x000014e6       0x1c ./Core/Src/main.o
 .debug_macro   0x00001502       0x22 ./Core/Src/main.o
 .debug_macro   0x00001524       0xfb ./Core/Src/main.o
 .debug_macro   0x0000161f     0x1011 ./Core/Src/main.o
 .debug_macro   0x00002630      0x11f ./Core/Src/main.o
 .debug_macro   0x0000274f    0x17fd8 ./Core/Src/main.o
 .debug_macro   0x0001a727       0x6d ./Core/Src/main.o
 .debug_macro   0x0001a794     0x3703 ./Core/Src/main.o
 .debug_macro   0x0001de97      0x189 ./Core/Src/main.o
 .debug_macro   0x0001e020       0x5c ./Core/Src/main.o
 .debug_macro   0x0001e07c      0xcba ./Core/Src/main.o
 .debug_macro   0x0001ed36      0x9e9 ./Core/Src/main.o
 .debug_macro   0x0001f71f      0x115 ./Core/Src/main.o
 .debug_macro   0x0001f834      0x156 ./Core/Src/main.o
 .debug_macro   0x0001f98a       0xa5 ./Core/Src/main.o
 .debug_macro   0x0001fa2f      0x182 ./Core/Src/main.o
 .debug_macro   0x0001fbb1      0x287 ./Core/Src/main.o
 .debug_macro   0x0001fe38       0x5f ./Core/Src/main.o
 .debug_macro   0x0001fe97      0x236 ./Core/Src/main.o
 .debug_macro   0x000200cd      0xd44 ./Core/Src/main.o
 .debug_macro   0x00020e11      0x132 ./Core/Src/main.o
 .debug_macro   0x00020f43      0x41d ./Core/Src/main.o
 .debug_macro   0x00021360       0x2e ./Core/Src/main.o
 .debug_macro   0x0002138e      0x1b5 ./Core/Src/main.o
 .debug_macro   0x00021543       0x22 ./Core/Src/main.o
 .debug_macro   0x00021565       0xd6 ./Core/Src/main.o
 .debug_macro   0x0002163b      0x127 ./Core/Src/main.o
 .debug_macro   0x00021762       0xe2 ./Core/Src/main.o
 .debug_macro   0x00021844       0x89 ./Core/Src/main.o
 .debug_macro   0x000218cd      0x2aa ./Core/Src/main.o
 .debug_macro   0x00021b77      0x293 ./Core/Src/main.o
 .debug_macro   0x00021e0a       0xba ./Core/Src/main.o
 .debug_macro   0x00021ec4      0x134 ./Core/Src/main.o
 .debug_macro   0x00021ff8      0x130 ./Core/Src/main.o
 .debug_macro   0x00022128       0x61 ./Core/Src/main.o
 .debug_macro   0x00022189       0x2a ./Core/Src/main.o
 .debug_macro   0x000221b3       0x43 ./Core/Src/main.o
 .debug_macro   0x000221f6       0x34 ./Core/Src/main.o
 .debug_macro   0x0002222a       0x16 ./Core/Src/main.o
 .debug_macro   0x00022240       0x43 ./Core/Src/main.o
 .debug_macro   0x00022283       0x34 ./Core/Src/main.o
 .debug_macro   0x000222b7       0x10 ./Core/Src/main.o
 .debug_macro   0x000222c7       0x58 ./Core/Src/main.o
 .debug_macro   0x0002231f       0x8e ./Core/Src/main.o
 .debug_macro   0x000223ad       0x1c ./Core/Src/main.o
 .debug_macro   0x000223c9      0x177 ./Core/Src/main.o
 .debug_macro   0x00022540      0x369 ./Core/Src/main.o
 .debug_macro   0x000228a9       0x10 ./Core/Src/main.o
 .debug_macro   0x000228b9       0x35 ./Core/Src/main.o
 .debug_macro   0x000228ee       0x20 ./Core/Src/main.o
 .debug_macro   0x0002290e      0x210 ./Core/Src/stm32f4xx_hal_msp.o
 .debug_macro   0x00022b1e      0x21a ./Core/Src/stm32f4xx_it.o
 .debug_macro   0x00022d38      0x201 ./Core/Src/system_stm32f4xx.o
 .debug_macro   0x00022f39      0x223 ./Core/drivers/API/src/API_delay.o
 .debug_macro   0x0002315c      0x23f ./Core/drivers/LCD/src/LCD.o
 .debug_macro   0x0002339b      0x146 ./Core/drivers/LCD/src/LCD.o
 .debug_macro   0x000234e1       0xdc ./Core/drivers/LCD/src/LCD.o
 .debug_macro   0x000235bd      0x23b ./Core/drivers/LCD/src/LCD_PCF8574_hw.o
 .debug_macro   0x000237f8       0xd6 ./Core/drivers/LCD/src/LCD_PCF8574_hw.o
 .debug_macro   0x000238ce      0x23a ./Drivers/BSP/STM32F4xx_Nucleo_144/stm32f4xx_nucleo_144.o
 .debug_macro   0x00023b08      0x261 ./Drivers/STM32F4xx_HAL_Driver/Src/stm32f4xx_hal.o
 .debug_macro   0x00023d69      0x201 ./Drivers/STM32F4xx_HAL_Driver/Src/stm32f4xx_hal_cortex.o
 .debug_macro   0x00023f6a      0x2db ./Drivers/STM32F4xx_HAL_Driver/Src/stm32f4xx_hal_eth.o
 .debug_macro   0x00024245      0x207 ./Drivers/STM32F4xx_HAL_Driver/Src/stm32f4xx_hal_gpio.o
 .debug_macro   0x0002444c      0x24f ./Drivers/STM32F4xx_HAL_Driver/Src/stm32f4xx_hal_i2c.o
 .debug_macro   0x0002469b      0x201 ./Drivers/STM32F4xx_HAL_Driver/Src/stm32f4xx_hal_i2c_ex.o
 .debug_macro   0x0002489c      0x20d ./Drivers/STM32F4xx_HAL_Driver/Src/stm32f4xx_hal_pcd.o
 .debug_macro   0x00024aa9      0x225 ./Drivers/STM32F4xx_HAL_Driver/Src/stm32f4xx_hal_rcc.o
 .debug_macro   0x00024cce      0x202 ./Drivers/STM32F4xx_HAL_Driver/Src/stm32f4xx_hal_uart.o
 .debug_macro   0x00024ed0      0x201 ./Drivers/STM32F4xx_HAL_Driver/Src/stm32f4xx_ll_usb.o

.debug_line     0x00000000    0x12f16
 .debug_line    0x00000000      0xaa9 ./Core/Src/main.o
 .debug_line    0x00000aa9      0x88b ./Core/Src/stm32f4xx_hal_msp.o
 .debug_line    0x00001334      0x7d0 ./Core/Src/stm32f4xx_it.o
 .debug_line    0x00001b04      0x792 ./Core/Src/system_stm32f4xx.o
 .debug_line    0x00002296       0x7a ./Core/Startup/startup_stm32f429zitx.o
 .debug_line    0x00002310      0x882 ./Core/drivers/API/src/API_delay.o
 .debug_line    0x00002b92      0xa11 ./Core/drivers/LCD/src/LCD.o
 .debug_line    0x000035a3      0x90b ./Core/drivers/LCD/src/LCD_PCF8574_hw.o
 .debug_line    0x00003eae      0x879 ./Drivers/BSP/STM32F4xx_Nucleo_144/stm32f4xx_nucleo_144.o
 .debug_line    0x00004727      0xa31 ./Drivers/STM32F4xx_HAL_Driver/Src/stm32f4xx_hal.o
 .debug_line    0x00005158      0xcc3 ./Drivers/STM32F4xx_HAL_Driver/Src/stm32f4xx_hal_cortex.o
 .debug_line    0x00005e1b     0x199d ./Drivers/STM32F4xx_HAL_Driver/Src/stm32f4xx_hal_eth.o
 .debug_line    0x000077b8      0xbaf ./Drivers/STM32F4xx_HAL_Driver/Src/stm32f4xx_hal_gpio.o
 .debug_line    0x00008367     0x3b41 ./Drivers/STM32F4xx_HAL_Driver/Src/stm32f4xx_hal_i2c.o
 .debug_line    0x0000bea8      0x788 ./Drivers/STM32F4xx_HAL_Driver/Src/stm32f4xx_hal_i2c_ex.o
 .debug_line    0x0000c630     0x14e1 ./Drivers/STM32F4xx_HAL_Driver/Src/stm32f4xx_hal_pcd.o
 .debug_line    0x0000db11      0xd6e ./Drivers/STM32F4xx_HAL_Driver/Src/stm32f4xx_hal_rcc.o
 .debug_line    0x0000e87f     0x28cd ./Drivers/STM32F4xx_HAL_Driver/Src/stm32f4xx_hal_uart.o
 .debug_line    0x0001114c     0x1dca ./Drivers/STM32F4xx_HAL_Driver/Src/stm32f4xx_ll_usb.o

.debug_str      0x00000000    0xdd64d
 .debug_str     0x00000000    0xd80db ./Core/Src/main.o
                              0xd84cb (size before relaxing)
 .debug_str     0x000d80db       0xd6 ./Core/Src/stm32f4xx_hal_msp.o
                              0xd4fd9 (size before relaxing)
 .debug_str     0x000d81b1       0xc9 ./Core/Src/stm32f4xx_it.o
                              0xd3ea9 (size before relaxing)
 .debug_str     0x000d827a       0xdb ./Core/Src/system_stm32f4xx.o
                              0xd3b25 (size before relaxing)
 .debug_str     0x000d8355       0x44 ./Core/Startup/startup_stm32f429zitx.o
                                 0x80 (size before relaxing)
 .debug_str     0x000d8399      0x965 ./Core/drivers/API/src/API_delay.o
                              0xd429a (size before relaxing)
 .debug_str     0x000d8cfe      0x3a8 ./Core/drivers/LCD/src/LCD.o
                              0xd4b20 (size before relaxing)
 .debug_str     0x000d90a6       0xd2 ./Core/drivers/LCD/src/LCD_PCF8574_hw.o
                              0xd4fe9 (size before relaxing)
 .debug_str     0x000d9178      0x88d ./Drivers/BSP/STM32F4xx_Nucleo_144/stm32f4xx_nucleo_144.o
                              0xd4c58 (size before relaxing)
 .debug_str     0x000d9a05      0x646 ./Drivers/STM32F4xx_HAL_Driver/Src/stm32f4xx_hal.o
                              0xd4748 (size before relaxing)
 .debug_str     0x000da04b      0x32e ./Drivers/STM32F4xx_HAL_Driver/Src/stm32f4xx_hal_cortex.o
                              0xd4444 (size before relaxing)
 .debug_str     0x000da379     0x11f2 ./Drivers/STM32F4xx_HAL_Driver/Src/stm32f4xx_hal_eth.o
                              0xd53bc (size before relaxing)
 .debug_str     0x000db56b       0xbd ./Drivers/STM32F4xx_HAL_Driver/Src/stm32f4xx_hal_gpio.o
                              0xd3ca0 (size before relaxing)
 .debug_str     0x000db628      0xb2d ./Drivers/STM32F4xx_HAL_Driver/Src/stm32f4xx_hal_i2c.o
                              0xd4b35 (size before relaxing)
 .debug_str     0x000dc155       0x3b ./Drivers/STM32F4xx_HAL_Driver/Src/stm32f4xx_hal_i2c_ex.o
                              0xd3ef4 (size before relaxing)
 .debug_str     0x000dc190      0x7fc ./Drivers/STM32F4xx_HAL_Driver/Src/stm32f4xx_hal_pcd.o
                              0xd45f0 (size before relaxing)
 .debug_str     0x000dc98c      0x1ff ./Drivers/STM32F4xx_HAL_Driver/Src/stm32f4xx_hal_rcc.o
                              0xd3f59 (size before relaxing)
 .debug_str     0x000dcb8b      0x617 ./Drivers/STM32F4xx_HAL_Driver/Src/stm32f4xx_hal_uart.o
                              0xd4527 (size before relaxing)
 .debug_str     0x000dd1a2      0x4ab ./Drivers/STM32F4xx_HAL_Driver/Src/stm32f4xx_ll_usb.o
                              0xd44cb (size before relaxing)

.comment        0x00000000       0x43
 .comment       0x00000000       0x43 ./Core/Src/main.o
                                 0x44 (size before relaxing)
 .comment       0x00000043       0x44 ./Core/Src/stm32f4xx_hal_msp.o
 .comment       0x00000043       0x44 ./Core/Src/stm32f4xx_it.o
 .comment       0x00000043       0x44 ./Core/Src/system_stm32f4xx.o
 .comment       0x00000043       0x44 ./Core/drivers/API/src/API_delay.o
 .comment       0x00000043       0x44 ./Core/drivers/LCD/src/LCD.o
 .comment       0x00000043       0x44 ./Core/drivers/LCD/src/LCD_PCF8574_hw.o
 .comment       0x00000043       0x44 ./Drivers/BSP/STM32F4xx_Nucleo_144/stm32f4xx_nucleo_144.o
 .comment       0x00000043       0x44 ./Drivers/STM32F4xx_HAL_Driver/Src/stm32f4xx_hal.o
 .comment       0x00000043       0x44 ./Drivers/STM32F4xx_HAL_Driver/Src/stm32f4xx_hal_cortex.o
 .comment       0x00000043       0x44 ./Drivers/STM32F4xx_HAL_Driver/Src/stm32f4xx_hal_eth.o
 .comment       0x00000043       0x44 ./Drivers/STM32F4xx_HAL_Driver/Src/stm32f4xx_hal_gpio.o
 .comment       0x00000043       0x44 ./Drivers/STM32F4xx_HAL_Driver/Src/stm32f4xx_hal_i2c.o
 .comment       0x00000043       0x44 ./Drivers/STM32F4xx_HAL_Driver/Src/stm32f4xx_hal_i2c_ex.o
 .comment       0x00000043       0x44 ./Drivers/STM32F4xx_HAL_Driver/Src/stm32f4xx_hal_pcd.o
 .comment       0x00000043       0x44 ./Drivers/STM32F4xx_HAL_Driver/Src/stm32f4xx_hal_rcc.o
 .comment       0x00000043       0x44 ./Drivers/STM32F4xx_HAL_Driver/Src/stm32f4xx_hal_uart.o
 .comment       0x00000043       0x44 ./Drivers/STM32F4xx_HAL_Driver/Src/stm32f4xx_ll_usb.o

.debug_frame    0x00000000     0x40ec
 .debug_frame   0x00000000      0x100 ./Core/Src/main.o
 .debug_frame   0x00000100      0x158 ./Core/Src/stm32f4xx_hal_msp.o
 .debug_frame   0x00000258      0x104 ./Core/Src/stm32f4xx_it.o
 .debug_frame   0x0000035c       0x58 ./Core/Src/system_stm32f4xx.o
 .debug_frame   0x000003b4       0xbc ./Core/drivers/API/src/API_delay.o
 .debug_frame   0x00000470      0x180 ./Core/drivers/LCD/src/LCD.o
 .debug_frame   0x000005f0      0x10c ./Core/drivers/LCD/src/LCD_PCF8574_hw.o
 .debug_frame   0x000006fc      0x150 ./Drivers/BSP/STM32F4xx_Nucleo_144/stm32f4xx_nucleo_144.o
 .debug_frame   0x0000084c      0x3b4 ./Drivers/STM32F4xx_HAL_Driver/Src/stm32f4xx_hal.o
 .debug_frame   0x00000c00      0x4b8 ./Drivers/STM32F4xx_HAL_Driver/Src/stm32f4xx_hal_cortex.o
 .debug_frame   0x000010b8      0x898 ./Drivers/STM32F4xx_HAL_Driver/Src/stm32f4xx_hal_eth.o
 .debug_frame   0x00001950      0x14c ./Drivers/STM32F4xx_HAL_Driver/Src/stm32f4xx_hal_gpio.o
 .debug_frame   0x00001a9c      0xc84 ./Drivers/STM32F4xx_HAL_Driver/Src/stm32f4xx_hal_i2c.o
 .debug_frame   0x00002720       0x60 ./Drivers/STM32F4xx_HAL_Driver/Src/stm32f4xx_hal_i2c_ex.o
 .debug_frame   0x00002780      0x5b8 ./Drivers/STM32F4xx_HAL_Driver/Src/stm32f4xx_hal_pcd.o
 .debug_frame   0x00002d38      0x1f4 ./Drivers/STM32F4xx_HAL_Driver/Src/stm32f4xx_hal_rcc.o
 .debug_frame   0x00002f2c      0x954 ./Drivers/STM32F4xx_HAL_Driver/Src/stm32f4xx_hal_uart.o
 .debug_frame   0x00003880      0x7c0 ./Drivers/STM32F4xx_HAL_Driver/Src/stm32f4xx_ll_usb.o
 .debug_frame   0x00004040       0x20 /home/oem/st/stm32cubeide_1.15.0_2/plugins/com.st.stm32cube.ide.mcu.externaltools.gnu-tools-for-stm32.12.3.rel1.linux64_1.0.100.202403111256/tools/bin/../lib/gcc/arm-none-eabi/12.3.1/../../../../arm-none-eabi/lib/thumb/v7e-m+fp/hard/libc_nano.a(libc_a-memset.o)
 .debug_frame   0x00004060       0x2c /home/oem/st/stm32cubeide_1.15.0_2/plugins/com.st.stm32cube.ide.mcu.externaltools.gnu-tools-for-stm32.12.3.rel1.linux64_1.0.100.202403111256/tools/bin/../lib/gcc/arm-none-eabi/12.3.1/../../../../arm-none-eabi/lib/thumb/v7e-m+fp/hard/libc_nano.a(libc_a-init.o)
 .debug_frame   0x0000408c       0x2c /home/oem/st/stm32cubeide_1.15.0_2/plugins/com.st.stm32cube.ide.mcu.externaltools.gnu-tools-for-stm32.12.3.rel1.linux64_1.0.100.202403111256/tools/bin/../lib/gcc/arm-none-eabi/12.3.1/thumb/v7e-m+fp/hard/libgcc.a(_aeabi_uldivmod.o)
 .debug_frame   0x000040b8       0x34 /home/oem/st/stm32cubeide_1.15.0_2/plugins/com.st.stm32cube.ide.mcu.externaltools.gnu-tools-for-stm32.12.3.rel1.linux64_1.0.100.202403111256/tools/bin/../lib/gcc/arm-none-eabi/12.3.1/thumb/v7e-m+fp/hard/libgcc.a(_udivmoddi4.o)

.debug_line_str
                0x00000000       0x64
 .debug_line_str
                0x00000000       0x64 ./Core/Startup/startup_stm32f429zitx.o
