../Core/drivers/API/src/API_uart.c:35:8:uartInit	328	static
../Core/drivers/API/src/API_uart.c:85:6:uartSendString	24	static
../Core/drivers/API/src/API_uart.c:101:6:uartSendStringSize	16	static
../Core/drivers/API/src/API_uart.c:115:6:uartReceiveStringSize	24	static
../Core/drivers/API/src/API_uart.c:143:13:UartErrorHandler	8	static
../Core/drivers/API/src/API_uart.c:153:1:__io_putchar	16	static
../Core/drivers/API/src/API_uart.c:165:13:GetParityString	16	static
../Core/drivers/API/src/API_uart.c:193:13:GetModeString	16	static
